node.exe : 
file:///C:/Users/sadwi/AppData/Local/npm-cache/_npx/f2342a4b64a2bc92/node_modules/vite/dist/node/chunks/node.js:3344
At line:1 char:1
+ & "C:\Program Files\nodejs/node.exe" "C:\Program Files\nodejs/node_mo ...
+ ~~~~~~~~~~~~~~~~~~~~~~~~~~~~~~~~~~~~~~~~~~~~~~~~~~~~~~~~~~~~~~~~~~~~~
    + CategoryInfo          : NotSpecified: (file:///C:/User...ks/node.js:3344:String) [], RemoteException
    + FullyQualifiedErrorId : NativeCommandError
 
		const wrapper = new Error(summary);
		                ^

Error: Transform failed with 1 error:

[31m[PARSE_ERROR] [0mExpected a semicolon or an implicit semicolon after a statement, but found none
      [38;5;246mΓò¡[0m[38;5;246mΓöÇ[0m[38;5;246m[[0m src/utils/voiceParser.ts:1305:4 [38;5;246m][0m
      [38;5;246mΓöé[0m
 [38;5;246m1305 Γöé[0m [38;5;249m}[0m[38;5;249mo[0m[38;5;249mf[0m[38;5;249m [0m[38;5;249ma[0m[38;5;249mc[
0m[38;5;249mt[0m[38;5;249mi[0m[38;5;249mv[0m[38;5;249me[0m[38;5;249mU[0m[38;5;249mn[0m[38;5;249mi[0m[38;
5;249mt[0m[38;5;249mR[0m[38;5;249me[0m[38;5;249mg[0m[38;5;249me[0m[38;5;249mx[0m[38;5;249me[0m[38;5;249ms
[0m[38;5;249m)[0m[38;5;249m [0m[38;5;249m{[0m
 [38;5;240m     Γöé[0m    Γöé 
 [38;5;240m     Γöé[0m    Γò░ΓöÇ 
 [38;5;240m     Γöé[0m 
 [38;5;240m     Γöé[0m [38;5;115mHelp[0m: Try inserting a semicolon here
[38;5;246mΓöÇΓöÇΓöÇΓöÇΓöÇΓöÇΓò»[0m

    at transformWithOxc (file:///C:/Users/sadwi/AppData/Local/npm-cache/_npx/f2342a4b64a2bc92/node_modules/vite/dist/no
de/chunks/node.js:3344:19)
    at TransformPluginContext.transform (file:///C:/Users/sadwi/AppData/Local/npm-cache/_npx/f2342a4b64a2bc92/node_modu
les/vite/dist/node/chunks/node.js:3415:26)
    at EnvironmentPluginContainer.transform (file:///C:/Users/sadwi/AppData/Local/npm-cache/_npx/f2342a4b64a2bc92/node_
modules/vite/dist/node/chunks/node.js:30387:51)
    at loadAndTransform (file:///C:/Users/sadwi/AppData/Local/npm-cache/_npx/f2342a4b64a2bc92/node_modules/vite/dist/no
de/chunks/node.js:24646:26) {
  errors: [Getter/Setter],
  plugin: 'vite:oxc',
  id: 'C:/Users/sadwi/OneDrive/Desktop/sai ram kirana/app/src/utils/voiceParser.ts',
  pluginCode: '// Voice Intelligence Engine for parsing billing and system commands\n' +
    '// Supports multilingual input (English, Telugu, Hindi) and fallback rules.\n' +
    '\n' +
    "import { db } from '../db';\n" +
    "import type { Product, Customer } from '../db';\n" +
    '\n' +
    'export interface ParsedCommand {\n' +
    "  action: 'ADD_ITEM' | 'REMOVE_ITEM' | 'UPDATE_ITEM' | 'PRINT_BILL' | 'CLEAR_KHATA' | 'UNKNOWN';\n" +
    '  productName?: string;\n' +
    '  quantity?: number;\n' +
    '  unit?: string;\n' +
    '  price?: number;\n' +
    '  rawText: string;\n' +
    "  confidence: 'HIGH' | 'MEDIUM' | 'LOW';\n" +
    '  resolvedProduct?: Product;\n' +
    '  resolvedByAI?: boolean;\n' +
    '}\n' +
    '\n' +
    '// Language Translations dictionaries\n' +
    'const TELUGU_NUMBERS: Record<string, number> = {\n' +
    "  'α░Æα░òα░ƒα░┐': 1, 'α░Æα░ò': 1, 'α░░α▒åα░éα░íα▒ü': 2, 'α░«α▒éα░íα▒ü': 3, 'α░¿α░╛α░▓α▒üα░ùα▒ü': 4, 'α░Éα░ªα▒ü': 
5, \n" +
    "  'α░åα░░α▒ü': 6, 'α░Åα░íα▒ü': 7, 'α░Äα░¿α░┐α░«α░┐α░ªα░┐': 8, 'α░ñα▒èα░«α▒ìα░«α░┐α░ªα░┐': 9, 'α░¬α░ªα░┐': 10,\n" +
    "  'α░¬α░¿α▒ìα░¿α▒åα░éα░íα▒ü': 12, 'α░¬α░ªα▒ìα░¿α░╛α░▓α▒üα░ùα▒ü': 14, 'α░çα░░α░╡α▒ê': 20, 'α░«α▒üα░¬α▒ìα░¬α▒ê': 
30, \n" +
    "  'α░¿α░▓α░¡α▒ê': 40, 'α░»α░╛α░¡α▒ê': 50, 'α░íα▒åα░¼α▒ìα░¼α▒ê': 70, 'α░Äα░¿α░¡α▒ê': 80, 'α░ñα▒èα░éα░¡α▒ê': 90,\n" 
+
    "  'α░░α▒åα░éα░íα▒ü α░╡α░éα░ªα░▓ α░»α░╛α░¡α▒ê': 250, 'α░░α▒åα░éα░íα▒ü α░╡α░éα░ªα░▓': 200, 'α░╡α░éα░ª': 100, 
'α░¿α▒éα░░α▒ü': 100, 'α░Éα░ªα▒ü α░╡α░éα░ªα░▓': 500,\n" +
    "  'α░àα░░': 0.5, 'α░¬α░╛α░╡α▒ü': 0.25, 'α░«α▒üα░¬α▒ìα░¬α░╛α░╡α▒ü': 0.75, 'α░Æα░òα░ƒα░┐α░¿α▒ìα░¿α░░': 1.5, 
'α░░α▒åα░éα░íα▒üα░¿α▒ìα░¿α░░': 2.5,\n" +
    '  // Phonetic English numbers in Telugu script\n' +
    "  'α░╡α░¿α▒ì': 1, 'α░ƒα▒é': 2, 'α░ñα▒ìα░░α▒Ç': 3, 'α░½α▒ïα░░α▒ì': 4, 'α░½α▒êα░╡α▒ì': 5, 'α░╕α░┐α░òα▒ìα░╕α▒ì': 6, 
'α░╕α▒åα░╡α▒åα░¿α▒ì': 7, 'α░Äα░»α░┐α░ƒα▒ì': 8, 'α░¿α▒êα░¿α▒ì': 9, 'α░ƒα▒åα░¿α▒ì': 10,\n" +
    "  'α░ƒα▒ìα░╡α░éα░ƒα▒Ç': 20, 'α░Ñα░░α▒ìα░ƒα▒Ç': 30, 'α░½α▒ïα░░α▒ìα░ƒα▒Ç': 40, 'α░½α░┐α░½α▒ìα░ƒα▒Ç': 50, 
'α░╣α░éα░íα▒ìα░░α▒åα░íα▒ì': 100, 'α░ƒα▒é α░╣α░éα░íα▒ìα░░α▒åα░íα▒ì': 200, 'α░½α▒êα░╡α▒ì α░╣α░éα░íα▒ìα░░α▒åα░íα▒ì': 
500,\n" +
    '  // Transliterated Telugu numbers & compound terms\n' +
    "  'rendu vandala yabhai': 250,\n" +
    "  'rendu vandala yabai': 250,\n" +
    "  'rendu vandala yaabhai': 250,\n" +
    "  'rendu vandalu': 200,\n" +
    "  'rendu vandala': 200,\n" +
    "  'aidu vandalu': 500,\n" +
    "  'aidu vandala': 500,\n" +
    "  'vanda': 100,\n" +
    "  'nuru': 100,\n" +
    "  'okatinara': 1.5,\n" +
    "  'rendunnara': 2.5,\n" +
    "  'okatiα░¿α▒ìα░¿α░░': 1.5,\n" +
    "  'renduα░¿α▒ìα░¿α░░': 2.5,\n" +
    "  'okati': 1, 'oka': 1, 'rendu': 2, 'moodu': 3, 'mudu': 3, 'nalugu': 4, 'naalugu': 4, 'aidu': 5, \n" +
    "  'aaru': 6, 'yedu': 7, 'aedu': 7, 'enimidi': 8, 'tommidi': 9, 'padi': 10,\n" +
    "  'iravai': 20, 'muppai': 30, 'nalabhai': 40, 'yabhai': 50, 'yaabhai': 50, 'yabai': 50,\n" +
    "  'ara': 0.5, 'pavu': 0.25, 'paavu': 0.25, 'muppavu': 0.75\n" +
    '};\n' +
    '\n' +
    'const HINDI_NUMBERS: Record<string, number> = {\n' +
    "  'αñÅαñò': 1, 'αñªαÑï': 2, 'αññαÑÇαñ¿': 3, 'αñÜαñ╛αñ░': 4, 'αñ¬αñ╛αñüαñÜ': 5, 'αñ¢αñ╣': 6, 'αñ╕αñ╛αññ': 7, \n" +
    "  'αñåαñá': 8, 'αñ¿αÑî': 9, 'αñªαñ╕': 10, 'αñ¼αñ╛αñ░αñ╣': 12, 'αñÜαÑîαñªαñ╣': 14, 'αñ¼αÑÇαñ╕': 20, \n" +
    "  'αññαÑÇαñ╕': 30, 'αñÜαñ╛αñ▓αÑÇαñ╕': 40, 'αñ¬αñÜαñ╛αñ╕': 50, 'αñóαñ╛αñê αñ╕αÑî': 250, 'αñªαÑï αñ╕αÑî': 200, 
'αñ╕αÑî': 100, 'αñ¬αñ╛αñüαñÜ αñ╕αÑî': 500,\n" +
    "  'αñåαñºαñ╛': 0.5, 'αñ¬αñ╛αñ╡': 0.25, 'αñ¬αÑîαñ¿αñ╛': 0.75, 'αñíαÑçαñóαñ╝': 1.5, 'αñóαñ╛αñê': 2.5,\n" +
    '  // Transliterated Hindi numbers\n' +
    "  'ek': 1, 'do': 2, 'teen': 3, 'chaar': 4, 'char': 4, 'paanch': 5, 'panch': 5, 'chhah': 6, 'che': 6, 'saat': 
7,\n" +
    "  'aath': 8, 'nau': 9, 'das': 10, 'bees': 20, 'tees': 30, 'chalis': 40, 'pachas': 50, 'dhai sau': 250,\n" +
    "  'adha': 0.5, 'aadha': 0.5, 'pav': 0.25, 'paav': 0.25, 'pouna': 0.75, 'dedh': 1.5, 'ded': 1.5, 'dhai': 2.5\n" +
    '};\n' +
    '\n' +
    'const ENGLISH_NUMBERS: Record<string, number> = {\n' +
    "  'one': 1, 'two': 2, 'three': 3, 'four': 4, 'five': 5, 'six': 6, 'seven': 7,\n" +
    "  'eight': 8, 'nine': 9, 'ten': 10, 'eleven': 11, 'twelve': 12, 'thirteen': 13,\n" +
    "  'fourteen': 14, 'fifteen': 15, 'sixteen': 16, 'twenty': 20, 'thirty': 30,\n" +
    "  'forty': 40, 'fifty': 50, 'two hundred fifty': 250, 'two hundred and fifty': 250, 'hundred': 100,\n" +
    "  'half': 0.5, 'quarter': 0.25\n" +
    '};\n' +
    '\n' +
    '// Unit mapping\n' +
    'const UNIT_MAP: Record<string, string> = {\n' +
    '  // Grams\n' +
    "  'g': 'Gram', 'gram': 'Gram', 'grams': 'Gram', 'gramullu': 'Gram', 'gramulu': 'Gram', 'gramula': 'Gram', 
'α░ùα▒ìα░░α░╛α░«α▒üα░▓α▒ü': 'Gram', 'α░ùα▒ìα░░α░╛α░«α▒üα░▓': 'Gram', 'α░ùα▒ìα░░α░╛α░«α▒ì': 'Gram', 'α░ùα▒ìα░░α░╛α░é': 
'Gram', 'αñùαÑìαñ░αñ╛αñ«': 'Gram',\n" +
    '  // KG\n' +
    "  'kg': 'KG', 'kgs': 'KG', 'kilo': 'KG', 'kilos': 'KG', 'α░òα▒çα░£α▒Ç': 'KG', 'α░òα▒çα░£α▒Çα░▓α▒ü': 'KG', 
'α░òα▒åα░£α░┐': 'KG', 'α░òα▒åα░£α▒Ç': 'KG', 'α░òα░┐α░▓α▒ï': 'KG', 'α░òα░┐α░▓α▒ïα░▓α▒ü': 'KG', 'α░òα░┐α░▓α▒ïα░▓': 'KG', 
'αñòαÑçαñ£αÑÇ': 'KG', 'αñòαñ┐αñ▓αÑïαñùαÑìαñ░αñ╛αñ«': 'KG', 'αñòαñ┐αñ▓αÑï': 'KG',\n" +
    '  // Litre\n' +
    "  'l': 'Litre', 'litre': 'Litre', 'litres': 'Litre', 'α░▓α▒Çα░ƒα░░α▒ì': 'Litre', 'α░▓α▒Çα░ƒα░░α▒ìα░▓α▒ü': 
'Litre', 'α░▓α▒Çα░ƒα░░α▒ìα░▓': 'Litre', 'α░▓α▒Çα░ƒα░░α▒ü': 'Litre', 'αñ▓αÑÇαñƒαñ░': 'Litre',\n" +
    '  // ML\n' +
    "  'ml': 'ML', 'mls': 'ML', 'α░«α░┐α░▓α▒ìα░▓α▒Çα░▓α▒Çα░ƒα░░α▒ì': 'ML', 'αñÅαñ«αñÅαñ▓': 'ML', 
'αñ«αñ┐αñ▓αÑÇαñ▓αÑÇαñƒαñ░': 'ML',\n" +
    '  // Packet\n' +
    "  'packet': 'Packet', 'packets': 'Packet', 'α░¬α▒ìα░»α░╛α░òα▒åα░ƒα▒ì': 'Packet', 
'α░¬α▒ìα░»α░╛α░òα▒åα░ƒα▒ìα░▓α▒ü': 'Packet', 'αñ¬αÑêαñòαÑçαñƒ': 'Packet',\n" +
    '  // Pudha (Pouch/Packet)\n' +
    "  'pudha': 'Pudha', 'pudhas': 'Pudha', 'puda': 'Pudha', 'pudas': 'Pudha', 'pooda': 'Pudha', 'poodas': 'Pudha', 
'α░¬α▒üα░í': 'Pudha', 'α░¬α▒üα░íα░▓α▒ü': 'Pudha', 'α░¬α▒üα░íα░╛': 'Pudha', 'αñ¬αÑüαñíαñ╝αñ╛': 'Pudha', 
'αñ¬αÑüαñíαñ╝αÑç': 'Pudha',\n" +
    '  // Piece\n' +
    "  'piece': 'Piece', 'pieces': 'Piece', 'πâöπâ╝α░╕α▒ì': 'Piece', 'πâöπâ╝α░╕α▒üα░▓α▒ü': 'Piece', 'αñ¬αÑÇαñ╕': 
'Piece', 'α░¿α░ù': 'Piece', 'single': 'Piece', 'singles': 'Piece',\n" +
    '  // Sheet\n' +
    "  'sheet': 'Sheet', 'sheets': 'Sheet', 'α░╖α▒Çα░ƒα▒ì': 'Sheet', 'α░╖α▒Çα░ƒα▒ìα░▓α▒ü': 'Sheet', 'αñ╢αÑÇαñƒ': 
'Sheet',\n" +
    '  // Bag\n' +
    "  'bag': 'Bag', 'bags': 'Bag', 'α░¼α░╕α▒ìα░ñα░╛': 'Bag', 'α░¼α░╕α▒ìα░ñα░╛α░▓α▒ü': 'Bag', 'αñ¼αÑïαñ░αÑÇ': 'Bag', 
'αñ¼αÑêαñù': 'Bag',\n" +
    '  // Box\n' +
    "  'box': 'Box', 'boxes': 'Box', 'α░¼α░╛α░òα▒ìα░╕α▒ì': 'Box', 'α░íα░┐α░¼α▒ìα░¼α░╛': 'Box', 'αñíαñ┐αñ¼αÑìαñ¼αñ╛': 
'Box'\n" +
    '};\n' +
    '\n' +
    'const REGIONAL_SIZE_NORMALIZATIONS: Record<string, string> = {\n' +
    '  // 50g (Cheytak / Chhatak)\n' +
    "  'α░Üα▒çα░ñα░òα▒ì': '50g', 'α░¢α░ƒα░╛α░òα▒ì': '50g', 'α░Üα░ƒα░╛α░òα▒ì': '50g',\n" +
    "  'cheytak': '50g', 'chhatak': '50g', 'chatak': '50g', 'cheetak': '50g', 'cheetaak': '50g',\n" +
    "  'αñ¢αñƒαñ╛αñò': '50g',\n" +
    '\n' +
    '  // 125g (Adha Pav / Adda Pav)\n' +
    "  'α░àα░ªα▒ìα░ªα░¬α░╛α░╡α▒ü': '125g', 'α░åα░ºα░╛ α░¬α░╛α░╡α▒ü': '125g', 'α░àα░░α░¬α░╛α░╡α▒ü': '125g', 
'α░åα░ºα░╛α░¬α░╡α▒ü': '125g',\n" +
    "  'adda pav': '125g', 'adha pav': '125g', 'adda paav': '125g', 'adha paav': '125g',\n" +
    "  'addapavu': '125g', 'adhapavu': '125g',\n" +
    "  'αñåαñºαñ╛ αñ¬αñ╛αñ╡': '125g', 'αñàαñºαñ╛ αñ¬αñ╛αñ╡': '125g',\n" +
    '\n' +
    '  // 750g (Three-Quarter KG / Pouna Kilo / Thin Pav)\n' +
    "  'α░«α▒üα░¬α▒ìα░¬α░╛α░╡α▒ü α░òα▒çα░£α▒Ç': '750g', 'α░«α▒üα░¬α▒ìα░¬α░╛α░╡α▒ü α░òα░┐α░▓α▒ï': '750g', 
'α░«α▒üα░¬α▒ìα░¬α░╛α░╡α▒üα░òα▒çα░£α▒Ç': '750g', 'α░«α▒üα░¬α▒ìα░¬α░╛α░╡α▒üα░òα░┐α░▓α▒ï': '750g',\n" +
    "  'α░ñα▒Çα░¿α▒ì α░¬α░╛α░╡α▒ü': '750g', 'α░ñα▒Çα░¿α▒ìα░¬α░╛α░╡α▒ü': '750g',\n" +
    "  'muppavu kg': '750g', 'muppavu kilo': '750g', 'muppaavu kg': '750g', 'muppaavu kilo': '750g',\n" +
    "  'three quarter kg': '750g', 'three quarter kilo': '750g', 'three quarters kg': '750g',\n" +
    "  'thin pav': '750g', 'teen pav': '750g', 'teen paav': '750g', 'thin paav': '750g',\n" +
    "  'teenpav': '750g', 'thinpav': '750g',\n" +
    "  'αñ¬αÑîαñ¿αñ╛ αñòαñ┐αñ▓αÑï': '750g', 'αñ¬αÑîαñ¿αÑç αññαÑÇαñ¿ αñ¬αñ╛αñ╡': '750g', 'αññαÑÇαñ¿ αñ¬αñ╛αñ╡': 
'750g',\n" +
    "  'pouna kilo': '750g', 'pouna kg': '750g', 'pona kilo': '750g', 'pona kg': '750g',\n" +
    '\n' +
    '  // 1.5kg (Dedh Kilo)\n' +
    "  'α░íα▒çα░íα▒ì α░òα░┐α░▓α▒ï': '1.5kg', 'α░íα▒çα░íα▒ì α░òα▒çα░£α▒Ç': '1.5kg',\n" +
    "  'dedh kilo': '1.5kg', 'ded kilo': '1.5kg', 'dedh kg': '1.5kg', 'ded kg': '1.5kg',\n" +
    "  'dedh ser': '1.5kg', 'ded ser': '1.5kg',\n" +
    "  'αñíαÑçαñóαñ╝ αñòαñ┐αñ▓αÑï': '1.5kg', 'αñíαÑçαñóαñ╝ αñòαÑçαñ£αÑÇ': '1.5kg',\n" +
    '\n' +
    '  // 10g (Stullam / Thulam / Tola)\n' +
    "  'α░ñα▒üα░▓α░é': '10g', 'α░ñα▒üα░▓α░╛': '10g', 'α░ñα▒ïα░▓α░╛': '10g', 'α░ñα▒ïα░▓α░é': '10g',\n" +
    "  'stullam': '10g', 'thulam': '10g', 'tola': '10g', 'tula': '10g',\n" +
    "  'αññαÑïαñ▓αñé': '10g', 'αññαÑîαñ▓αñ╛': '10g', 'αññαÑüαñ▓αñ╛': '10g',\n" +
    '\n' +
    '  // 1.25kg (Sawa Kilo)\n' +
    "  'α░╕α░╡α░╛ α░òα░┐α░▓α▒ï': '1.25kg', 'α░╕α░╡α░╛ α░òα▒çα░£α▒Ç': '1.25kg',\n" +
    "  'sawa kilo': '1.25kg', 'sava kilo': '1.25kg', 'sawa kg': '1.25kg', 'sava kg': '1.25kg',\n" +
    "  'αñ╕αñ╡αñ╛ αñòαñ┐αñ▓αÑï': '1.25kg', 'αñ╕αñ╡αñ╛ αñòαÑçαñ£αÑÇ': '1.25kg',\n" +
    '\n' +
    '  // 2.5kg (Dhai Kilo)\n' +
    "  'α░░α▒åα░éα░íα▒üα░¿α▒ìα░¿α░░ α░òα░┐α░▓α▒ï': '2.5kg', 'α░░α▒åα░éα░íα▒üα░¿α▒ìα░¿α░░ α░òα▒çα░£α▒Ç': '2.5kg',\n" +
    "  'dhai kilo': '2.5kg', 'dai kilo': '2.5kg', 'dhai kg': '2.5kg', 'dai kg': '2.5kg',\n" +
    "  'αñóαñ╛αñê αñòαñ┐αñ▓αÑï': '2.5kg', 'αñóαñ╛αñê αñòαÑçαñ£αÑÇ': '2.5kg',\n" +
    '\n' +
    '  // 1.75kg (Paune Do Kilo)\n' +
    "  'αñ¬αÑîαñ¿αÑç αñªαÑï αñòαñ┐αñ▓αÑï': '1.75kg', 'αñ¬αÑîαñ¿αÑç αñªαÑï αñòαÑçαñ£αÑÇ': '1.75kg',\n" +
    "  'paune do kilo': '1.75kg', 'pone do kilo': '1.75kg', 'paune do kg': '1.75kg', 'pone do kg': '1.75kg',\n" +
    '\n' +
    '  // 500g (Half KG / Ara Kilo) equivalents\n' +
    "  'α░àα░░ α░òα▒çα░£α▒Ç': '500g', 'α░àα░░ α░òα░┐α░▓α▒ï': '500g', 'α░╕α░ùα░é α░òα▒çα░£α▒Ç': '500g', 'α░╕α░ùα░é 
α░òα░┐α░▓α▒ï': '500g',\n" +
    "  'α░àα░░α░òα▒çα░£α▒Ç': '500g', 'α░àα░░α░òα░┐α░▓α▒ï': '500g', 'α░╣α░╛α░½α▒ì α░òα▒çα░£α▒Ç': '500g', 'α░╣α░╛α░½α▒ì 
α░òα░┐α░▓α▒ï': '500g',\n" +
    "  'α░╣α░╛α░½α▒ì α░òα▒çα░£α░┐': '500g', 'α░╣α░╛α░½α▒ì α░òα░┐α░▓α▒ïα░▓': '500g', 'α░╣α░╛α░½α▒ì α░òα▒çα░£α▒Çα░▓': 
'500g',\n" +
    "  'ara kg': '500g', 'ara kilo': '500g', 'sagam kg': '500g', 'sagam kilo': '500g',\n" +
    "  'half kg': '500g', 'half kilo': '500g', 'haaf kg': '500g', 'haaf kilo': '500g',\n" +
    "  'αñåαñºαñ╛ αñòαñ┐αñ▓αÑï': '500g', 'αñåαñºαñ╛ αñòαÑçαñ£αÑÇ': '500g', 'αñàαñºαñ╛ αñòαñ┐αñ▓αÑï': '500g',\n" +
    "  'aadha kilo': '500g', 'aadha kg': '500g', 'adha kilo': '500g', 'adha kg': '500g',\n" +
    "  'half kilogram': '500g', 'half kilograms': '500g',\n" +
    '\n' +
    '  // 250g (Quarter KG / Pav Kilo) equivalents\n' +
    "  'α░¬α░╛α░╡α▒ü α░òα▒çα░£α▒Ç': '250g', 'α░¬α░╛α░╡α▒ü α░òα░┐α░▓α▒ï': '250g', 'α░¬α░╛α░╡α▒üα░òα▒çα░£α▒Ç': '250g', 
'α░¬α░╛α░╡α▒üα░òα░┐α░▓α▒ï': '250g',\n" +
    "  'α░¬α░╛α░╡α▒ü α░òα▒çα░£α░┐': '250g', 'α░¬α░╛α░╡α▒ü α░òα░┐α░▓α▒ïα░▓': '250g', 'α░¬α░╛α░╡α▒ü α░òα▒çα░£α▒Çα░▓': 
'250g',\n" +
    "  'pavu kg': '250g', 'pavu kilo': '250g', 'paavu kg': '250g', 'paavu kilo': '250g',\n" +
    "  'quarter kg': '250g', 'quarter kilo': '250g',\n" +
    "  'αñ¬αñ╛αñ╡ αñòαñ┐αñ▓αÑï': '250g', 'αñ¬αñ╛αñ╡ αñòαÑçαñ£αÑÇ': '250g',\n" +
    "  'pao kilo': '250g', 'pao kg': '250g', 'pav kilo': '250g', 'pav kg': '250g',\n" +
    "  'quarter kilogram': '250g', 'quarter kilograms': '250g',\n" +
    '\n' +
    '  // 500ml (Half Litre) equivalents\n' +
    "  'α░àα░░ α░▓α▒Çα░ƒα░░α▒ì': '500ml', 'α░àα░░ α░▓α▒Çα░ƒα░░α▒ü': '500ml', 'α░╕α░ùα░é α░▓α▒Çα░ƒα░░α▒ì': '500ml', 
'α░╣α░╛α░½α▒ì α░▓α▒Çα░ƒα░░α▒ì': '500ml',\n" +
    "  'ara litre': '500ml', 'half litre': '500ml', 'half liter': '500ml',\n" +
    "  'αñåαñºαñ╛ αñ▓αÑÇαñƒαñ░': '500ml', 'aadha liter': '500ml', 'adha liter': '500ml',\n" +
    '\n' +
    '  // 250ml (Quarter Litre) equivalents\n' +
    "  'α░¬α░╛α░╡α▒ü α░▓α▒Çα░ƒα░░α▒ì': '250ml', 'α░¬α░╛α░╡α▒ü α░▓α▒Çα░ƒα░░α▒ü': '250ml',\n" +
    "  'pavu litre': '250ml', 'quarter litre': '250ml', 'quarter liter': '250ml',\n" +
    "  'αñ¬αñ╛αñ╡ αñ▓αÑÇαñƒαñ░': '250ml', 'pav liter': '250ml',\n" +
    '\n' +
    '  // 750ml (Three-Quarter Litre) equivalents\n' +
    "  'α░«α▒üα░¬α▒ìα░¬α░╛α░╡α▒ü α░▓α▒Çα░ƒα░░α▒ì': '750ml', 'α░«α▒üα░¬α▒ìα░¬α░╛α░╡α▒ü α░▓α▒Çα░ƒα░░α▒ü': '750ml',\n" +
    "  'muppavu litre': '750ml', 'three quarter litre': '750ml',\n" +
    "  'αñ¬αÑîαñ¿αñ╛ αñ▓αÑÇαñƒαñ░': '750ml', 'pouna liter': '750ml'\n" +
    '};\n' +
    '\n' +
    '// Main local parser\n' +
    'export async function parseVoiceCommandLocal(text: string): Promise<ParsedCommand> {\n' +
    '  const cleanText = text.toLowerCase().trim();\n' +
    '  const products = await db.getProducts();\n' +
    '\n' +
    '  // 1. Check for system commands\n' +
    '  if (\n' +
    "    cleanText.includes('print bill') || \n" +
    "    cleanText.includes('α░¼α░┐α░▓α▒ì α░¬α▒ìα░░α░┐α░éα░ƒα▒ì') || \n" +
    "    cleanText.includes('α░¬α▒ìα░░α░┐α░éα░ƒα▒ì α░¼α░┐α░▓α▒ì') || \n" +
    "    cleanText.includes('αñ¼αñ┐αñ▓ αñ¬αÑìαñ░αñ┐αñéαñƒ')\n" +
    '  ) {\n' +
    "    return { action: 'PRINT_BILL', rawText: text, confidence: 'HIGH' };\n" +
    '  }\n' +
    '\n' +
    '  // 2. Identify Action type\n' +
    "  let action: ParsedCommand['action'] = 'ADD_ITEM';\n" +
    '  let processedText = cleanText;\n' +
    '\n' +
    '  // Normalize regional weight/volume size descriptions first (e.g. half kg -> 500g)\n' +
    '  const normalizationKeys = Object.keys(REGIONAL_SIZE_NORMALIZATIONS).sort((a, b) => b.length - a.length);\n' +
    '  for (const k of normalizationKeys) {\n' +
    '    const isEnglish = /^[a-zA-Z\\s]+$/.test(k);\n' +
    "    const regex = isEnglish ? new RegExp(`\\\\b${k}\\\\b`, 'gi') : new RegExp(k, 'g');\n" +
    '    processedText = processedText.replace(regex, ` ${REGIONAL_SIZE_NORMALIZATIONS[k]} `).trim();\n' +
    '  }\n' +
    '\n' +
    '  const removePatterns = [\n' +
    "    'remove', 'delete', 'cancel', \n" +
    "    'α░ñα▒Çα░╕α▒çα░»α▒ì', 'α░ñα▒èα░▓α░ùα░┐α░éα░Üα▒ü', 'α░ñα▒Çα░╕α░┐α░╡α▒çα░»α░┐', 'α░ñα▒Çα░╕α▒çα░»α░┐',\n" +
    "    'αñ╣αñƒαñ╛αñô', 'αñòαñ╛αñƒ αñªαÑï', 'αñ¿αñ┐αñòαñ╛αñ▓αÑï'\n" +
    '  ];\n' +
    '  const editPatterns = [\n' +
    "    'change', 'update', 'ed"... 76319 more characters
}

Node.js v22.19.0
